// Vitest Snapshot v1, https://vitest.dev/guide/snapshot.html

exports[`BaseFormField > Should render and match the snapshot 1`] = `
<div>
  <label
    class="flex cursor-pointer flex-col items-start gap-0.5 text-sm font-medium text-gray-500"
    data-test="form-label"
    for="testName"
  >
    <span
      class="after:ml-0.5 after:hidden after:text-red-500 after:content-['*']"
    >
      testLabel
    </span>
  </label>
  
  
  <span
    class="text-sm text-red-500"
    data-test="error"
  >
    
    testErrorMessage
    
  </span>
</div>
`;
