// Vitest Snapshot v1, https://vitest.dev/guide/snapshot.html

exports[`BaseFormInput > Should render and match the snapshot 1`] = `
<div>
  <label
    class="flex cursor-pointer flex-col items-start gap-0.5 text-sm font-medium text-gray-500"
    data-test="form-label"
    for="name"
  >
    <span
      class="after:ml-0.5 after:hidden after:text-red-500 after:content-['*']"
    >
      label
    </span>
  </label>
  
  <input
    class="min-h-10 min-w-52 rounded-md border border-gray-300 px-4"
    id="name"
    name="name"
    type="text"
  />
  
  <!--v-if-->
</div>
`;
